../Core/Src/main.c:65:6:showTemp	8	static
../Core/Src/main.c:74:6:showVar	8	static
../Core/Src/main.c:80:6:blink	8	static
../Core/Src/main.c:89:6:showStatus	8	static
../Core/Src/main.c:103:5:main	16	static
../Core/Src/main.c:157:6:SystemClock_Config	72	static
../Core/Src/main.c:194:13:MX_I2C1_Init	8	static
../Core/Src/main.c:228:13:MX_TIM2_Init	32	static
../Core/Src/main.c:273:13:MX_GPIO_Init	32	static
../Core/Src/main.c:298:6:HAL_TIM_PeriodElapsedCallback	16	static
../Core/Src/main.c:307:6:Error_Handler	4	static,ignoring_inline_asm
