15:28:18 **** Incremental Build of configuration Debug for project LCD_DHT20 ****
make -j12 all 
arm-none-eabi-gcc "../Core/Src/main.c" -mcpu=cortex-m3 -std=gnu11 -g3 -DDEBUG -DUSE_HAL_DRIVER -DSTM32F103xB -c -I../Core/Inc -I../Drivers/STM32F1xx_HAL_Driver/Inc/Legacy -I../Drivers/STM32F1xx_HAL_Driver/Inc -I../Drivers/CMSIS/Device/ST/STM32F1xx/Include -I../Drivers/CMSIS/Include -O0 -ffunction-sections -fdata-sections -Wall -fstack-usage -fcyclomatic-complexity -MMD -MP -MF"Core/Src/main.d" -MT"Core/Src/main.o" --specs=nano.specs -mfloat-abi=soft -mthumb -o "Core/Src/main.o"
arm-none-eabi-gcc -o "LCD_DHT20.elf" @"objects.list"   -mcpu=cortex-m3 -T"C:\Users\Hello\Documents\GitHub\do-an-tkll\LCD_DHT20\STM32F103RBTX_FLASH.ld" --specs=nosys.specs -Wl,-Map="LCD_DHT20.map" -Wl,--gc-sections -static --specs=nano.specs -mfloat-abi=soft -mthumb -Wl,--start-group -lc -lm -Wl,--end-group
Finished building target: LCD_DHT20.elf
 
arm-none-eabi-size   LCD_DHT20.elf 
arm-none-eabi-objdump -h -S  LCD_DHT20.elf  > "LCD_DHT20.list"
arm-none-eabi-objcopy  -O ihex  LCD_DHT20.elf  "LCD_DHT20.hex"
   text	   data	    bss	    dec	    hex	filename
  11396	     20	   2548	  13964	   368c	LCD_DHT20.elf
Finished building: default.size.stdout
 
Finished building: LCD_DHT20.hex
 
Finished building: LCD_DHT20.list
 

15:28:19 Build Finished. 0 errors, 0 warnings. (took 858ms)

