16:25:02 **** Incremental Build of configuration Debug for project lcd_proteus ****
make -j12 all 
arm-none-eabi-gcc "../Core/Src/lcd16x2.c" -mcpu=cortex-m3 -std=gnu11 -g3 -DDEBUG -DUSE_HAL_DRIVER -DSTM32F103x6 -c -I../Core/Inc -I../Drivers/STM32F1xx_HAL_Driver/Inc/Legacy -I../Drivers/STM32F1xx_HAL_Driver/Inc -I../Drivers/CMSIS/Device/ST/STM32F1xx/Include -I../Drivers/CMSIS/Include -O0 -ffunction-sections -fdata-sections -Wall -fstack-usage -fcyclomatic-complexity -MMD -MP -MF"Core/Src/lcd16x2.d" -MT"Core/Src/lcd16x2.o" --specs=nano.specs -mfloat-abi=soft -mthumb -o "Core/Src/lcd16x2.o"
arm-none-eabi-gcc "../Core/Src/main.c" -mcpu=cortex-m3 -std=gnu11 -g3 -DDEBUG -DUSE_HAL_DRIVER -DSTM32F103x6 -c -I../Core/Inc -I../Drivers/STM32F1xx_HAL_Driver/Inc/Legacy -I../Drivers/STM32F1xx_HAL_Driver/Inc -I../Drivers/CMSIS/Device/ST/STM32F1xx/Include -I../Drivers/CMSIS/Include -O0 -ffunction-sections -fdata-sections -Wall -fstack-usage -fcyclomatic-complexity -MMD -MP -MF"Core/Src/main.d" -MT"Core/Src/main.o" --specs=nano.specs -mfloat-abi=soft -mthumb -o "Core/Src/main.o"
arm-none-eabi-gcc -o "lcd_proteus.elf" @"objects.list"   -mcpu=cortex-m3 -T"C:\Users\Hello\Documents\GitHub\do-an-tkll\lcd_proteus\STM32F103C6TX_FLASH.ld" --specs=nosys.specs -Wl,-Map="lcd_proteus.map" -Wl,--gc-sections -static --specs=nano.specs -mfloat-abi=soft -mthumb -Wl,--start-group -lc -lm -Wl,--end-group
Finished building target: lcd_proteus.elf
 
arm-none-eabi-size   lcd_proteus.elf 
arm-none-eabi-objdump -h -S  lcd_proteus.elf  > "lcd_proteus.list"
arm-none-eabi-objcopy  -O ihex  lcd_proteus.elf  "lcd_proteus.hex"
   text	   data	    bss	    dec	    hex	filename
   7600	     20	   1652	   9272	   2438	lcd_proteus.elf
Finished building: default.size.stdout
 
Finished building: lcd_proteus.hex
 
Finished building: lcd_proteus.list
 

16:25:03 Build Finished. 0 errors, 0 warnings. (took 888ms)

